<?xml version="1.0"?>
<Map xmlns:xsi="http://www.w3.org/2001/XMLSchema-instance" xmlns:xsd="http://www.w3.org/2001/XMLSchema">
  <Columns>40</Columns>
  <Rows>40</Rows>
  <Cells>
    <CellType>Grass</CellType>
    <CellType>Grass</CellType>
    <CellType>Grass</CellType>
    <CellType>Grass</CellType>
    <CellType>Grass</CellType>
    <CellType>Grass</CellType>
    <CellType>Grass</CellType>
    <CellType>Grass</CellType>
    <CellType>Grass</CellType>
    <CellType>Grass</CellType>
    <CellType>Grass</CellType>
    <CellType>Grass</CellType>
    <CellType>Grass</CellType>
    <CellType>Grass</CellType>
    <CellType>Grass</CellType>
    <CellType>Grass</CellType>
    <CellType>Grass</CellType>
    <CellType>Grass</CellType>
    <CellType>Grass</CellType>
    <CellType>Grass</CellType>
    <CellType>Grass</CellType>
    <CellType>Grass</CellType>
    <CellType>Grass</CellType>
    <CellType>Grass</CellType>
    <CellType>Grass</CellType>
    <CellType>Grass</CellType>
    <CellType>Grass</CellType>
    <CellType>Grass</CellType>
    <CellType>Grass</CellType>
    <CellType>Grass</CellType>
    <CellType>Grass</CellType>
    <CellType>Grass</CellType>
    <CellType>Grass</CellType>
    <CellType>Grass</CellType>
    <CellType>Grass</CellType>
    <CellType>Grass</CellType>
    <CellType>Grass</CellType>
    <CellType>Grass</CellType>
    <CellType>Grass</CellType>
    <CellType>Grass</CellType>
    <CellType>Grass</CellType>
    <CellType>Grass</CellType>
    <CellType>Grass</CellType>
    <CellType>Grass</CellType>
    <CellType>Grass</CellType>
    <CellType>Grass</CellType>
    <CellType>Grass</CellType>
    <CellType>Grass</CellType>
    <CellType>Grass</CellType>
    <CellType>Grass</CellType>
    <CellType>Grass</CellType>
    <CellType>Grass</CellType>
    <CellType>Grass</CellType>
    <CellType>Grass</CellType>
    <CellType>Grass</CellType>
    <CellType>Grass</CellType>
    <CellType>Grass</CellType>
    <CellType>Grass</CellType>
    <CellType>Grass</CellType>
    <CellType>Grass</CellType>
    <CellType>Grass</CellType>
    <CellType>Grass</CellType>
    <CellType>Grass</CellType>
    <CellType>Grass</CellType>
    <CellType>Grass</CellType>
    <CellType>Grass</CellType>
    <CellType>Grass</CellType>
    <CellType>Grass</CellType>
    <CellType>Grass</CellType>
    <CellType>Grass</CellType>
    <CellType>Grass</CellType>
    <CellType>Grass</CellType>
    <CellType>Grass</CellType>
    <CellType>Grass</CellType>
    <CellType>Grass</CellType>
    <CellType>Grass</CellType>
    <CellType>Grass</CellType>
    <CellType>Grass</CellType>
    <CellType>Grass</CellType>
    <CellType>Grass</CellType>
    <CellType>Water</CellType>
    <CellType>Water</CellType>
    <CellType>Grass</CellType>
    <CellType>Grass</CellType>
    <CellType>Grass</CellType>
    <CellType>Grass</CellType>
    <CellType>Grass</CellType>
    <CellType>Grass</CellType>
    <CellType>Grass</CellType>
    <CellType>Grass</CellType>
    <CellType>Grass</CellType>
    <CellType>Grass</CellType>
    <CellType>Grass</CellType>
    <CellType>Grass</CellType>
    <CellType>Grass</CellType>
    <CellType>Grass</CellType>
    <CellType>Grass</CellType>
    <CellType>Grass</CellType>
    <CellType>Grass</CellType>
    <CellType>Grass</CellType>
    <CellType>Grass</CellType>
    <CellType>Grass</CellType>
    <CellType>Grass</CellType>
    <CellType>Grass</CellType>
    <CellType>Grass</CellType>
    <CellType>Grass</CellType>
    <CellType>Grass</CellType>
    <CellType>Grass</CellType>
    <CellType>Grass</CellType>
    <CellType>Grass</CellType>
    <CellType>Grass</CellType>
    <CellType>Grass</CellType>
    <CellType>Grass</CellType>
    <CellType>Grass</CellType>
    <CellType>Grass</CellType>
    <CellType>Grass</CellType>
    <CellType>Grass</CellType>
    <CellType>Grass</CellType>
    <CellType>Grass</CellType>
    <CellType>Grass</CellType>
    <CellType>Water</CellType>
    <CellType>Water</CellType>
    <CellType>Grass</CellType>
    <CellType>Grass</CellType>
    <CellType>Grass</CellType>
    <CellType>Grass</CellType>
    <CellType>Grass</CellType>
    <CellType>Grass</CellType>
    <CellType>Grass</CellType>
    <CellType>Grass</CellType>
    <CellType>Grass</CellType>
    <CellType>Grass</CellType>
    <CellType>Grass</CellType>
    <CellType>Grass</CellType>
    <CellType>Grass</CellType>
    <CellType>Grass</CellType>
    <CellType>Grass</CellType>
    <CellType>Grass</CellType>
    <CellType>Grass</CellType>
    <CellType>Grass</CellType>
    <CellType>Grass</CellType>
    <CellType>Grass</CellType>
    <CellType>Grass</CellType>
    <CellType>Grass</CellType>
    <CellType>Grass</CellType>
    <CellType>Grass</CellType>
    <CellType>Grass</CellType>
    <CellType>Grass</CellType>
    <CellType>Grass</CellType>
    <CellType>Grass</CellType>
    <CellType>Grass</CellType>
    <CellType>Grass</CellType>
    <CellType>Grass</CellType>
    <CellType>Grass</CellType>
    <CellType>Grass</CellType>
    <CellType>Grass</CellType>
    <CellType>Grass</CellType>
    <CellType>Grass</CellType>
    <CellType>Grass</CellType>
    <CellType>Grass</CellType>
    <CellType>Water</CellType>
    <CellType>Water</CellType>
    <CellType>Water</CellType>
    <CellType>Grass</CellType>
    <CellType>Grass</CellType>
    <CellType>Grass</CellType>
    <CellType>Grass</CellType>
    <CellType>Grass</CellType>
    <CellType>Grass</CellType>
    <CellType>Grass</CellType>
    <CellType>Grass</CellType>
    <CellType>Grass</CellType>
    <CellType>Grass</CellType>
    <CellType>Grass</CellType>
    <CellType>Grass</CellType>
    <CellType>Grass</CellType>
    <CellType>Grass</CellType>
    <CellType>Grass</CellType>
    <CellType>Grass</CellType>
    <CellType>Grass</CellType>
    <CellType>Grass</CellType>
    <CellType>Grass</CellType>
    <CellType>Grass</CellType>
    <CellType>Grass</CellType>
    <CellType>Grass</CellType>
    <CellType>Grass</CellType>
    <CellType>Grass</CellType>
    <CellType>Grass</CellType>
    <CellType>Grass</CellType>
    <CellType>Grass</CellType>
    <CellType>Grass</CellType>
    <CellType>Grass</CellType>
    <CellType>Grass</CellType>
    <CellType>Grass</CellType>
    <CellType>Grass</CellType>
    <CellType>Grass</CellType>
    <CellType>Grass</CellType>
    <CellType>Grass</CellType>
    <CellType>Grass</CellType>
    <CellType>Grass</CellType>
    <CellType>Water</CellType>
    <CellType>Water</CellType>
    <CellType>Water</CellType>
    <CellType>Grass</CellType>
    <CellType>Grass</CellType>
    <CellType>Grass</CellType>
    <CellType>Grass</CellType>
    <CellType>Grass</CellType>
    <CellType>Grass</CellType>
    <CellType>Grass</CellType>
    <CellType>Grass</CellType>
    <CellType>Grass</CellType>
    <CellType>Grass</CellType>
    <CellType>Grass</CellType>
    <CellType>Grass</CellType>
    <CellType>Grass</CellType>
    <CellType>Grass</CellType>
    <CellType>Grass</CellType>
    <CellType>Grass</CellType>
    <CellType>Grass</CellType>
    <CellType>Grass</CellType>
    <CellType>Grass</CellType>
    <CellType>Grass</CellType>
    <CellType>Grass</CellType>
    <CellType>Grass</CellType>
    <CellType>Grass</CellType>
    <CellType>Grass</CellType>
    <CellType>Grass</CellType>
    <CellType>Grass</CellType>
    <CellType>Grass</CellType>
    <CellType>Grass</CellType>
    <CellType>Grass</CellType>
    <CellType>Grass</CellType>
    <CellType>Grass</CellType>
    <CellType>Grass</CellType>
    <CellType>Grass</CellType>
    <CellType>Grass</CellType>
    <CellType>Grass</CellType>
    <CellType>Grass</CellType>
    <CellType>Grass</CellType>
    <CellType>Water</CellType>
    <CellType>Water</CellType>
    <CellType>Water</CellType>
    <CellType>Grass</CellType>
    <CellType>Grass</CellType>
    <CellType>Grass</CellType>
    <CellType>Grass</CellType>
    <CellType>Grass</CellType>
    <CellType>Grass</CellType>
    <CellType>Grass</CellType>
    <CellType>Grass</CellType>
    <CellType>Grass</CellType>
    <CellType>Grass</CellType>
    <CellType>Grass</CellType>
    <CellType>Grass</CellType>
    <CellType>Grass</CellType>
    <CellType>Grass</CellType>
    <CellType>Grass</CellType>
    <CellType>Grass</CellType>
    <CellType>Grass</CellType>
    <CellType>Grass</CellType>
    <CellType>Grass</CellType>
    <CellType>Grass</CellType>
    <CellType>Grass</CellType>
    <CellType>Grass</CellType>
    <CellType>Grass</CellType>
    <CellType>Sand</CellType>
    <CellType>Sand</CellType>
    <CellType>Sand</CellType>
    <CellType>Sand</CellType>
    <CellType>Grass</CellType>
    <CellType>Grass</CellType>
    <CellType>Grass</CellType>
    <CellType>Grass</CellType>
    <CellType>Grass</CellType>
    <CellType>Grass</CellType>
    <CellType>Grass</CellType>
    <CellType>Grass</CellType>
    <CellType>Grass</CellType>
    <CellType>Grass</CellType>
    <CellType>Water</CellType>
    <CellType>Water</CellType>
    <CellType>Water</CellType>
    <CellType>Water</CellType>
    <CellType>Grass</CellType>
    <CellType>Grass</CellType>
    <CellType>Grass</CellType>
    <CellType>Grass</CellType>
    <CellType>Grass</CellType>
    <CellType>Grass</CellType>
    <CellType>Grass</CellType>
    <CellType>Grass</CellType>
    <CellType>Grass</CellType>
    <CellType>Grass</CellType>
    <CellType>Grass</CellType>
    <CellType>Grass</CellType>
    <CellType>Grass</CellType>
    <CellType>Grass</CellType>
    <CellType>Grass</CellType>
    <CellType>Grass</CellType>
    <CellType>Grass</CellType>
    <CellType>Grass</CellType>
    <CellType>Grass</CellType>
    <CellType>Grass</CellType>
    <CellType>Grass</CellType>
    <CellType>Sand</CellType>
    <CellType>Sand</CellType>
    <CellType>Sand</CellType>
    <CellType>Sand</CellType>
    <CellType>Sand</CellType>
    <CellType>Sand</CellType>
    <CellType>Sand</CellType>
    <CellType>Sand</CellType>
    <CellType>Grass</CellType>
    <CellType>Grass</CellType>
    <CellType>Grass</CellType>
    <CellType>Grass</CellType>
    <CellType>Grass</CellType>
    <CellType>Grass</CellType>
    <CellType>Grass</CellType>
    <CellType>Water</CellType>
    <CellType>Water</CellType>
    <CellType>Water</CellType>
    <CellType>Water</CellType>
    <CellType>Grass</CellType>
    <CellType>Grass</CellType>
    <CellType>Grass</CellType>
    <CellType>Grass</CellType>
    <CellType>Grass</CellType>
    <CellType>Grass</CellType>
    <CellType>Grass</CellType>
    <CellType>Grass</CellType>
    <CellType>Grass</CellType>
    <CellType>Grass</CellType>
    <CellType>Grass</CellType>
    <CellType>Grass</CellType>
    <CellType>Grass</CellType>
    <CellType>Grass</CellType>
    <CellType>Grass</CellType>
    <CellType>Grass</CellType>
    <CellType>Grass</CellType>
    <CellType>Grass</CellType>
    <CellType>Sand</CellType>
    <CellType>Sand</CellType>
    <CellType>Sand</CellType>
    <CellType>Sand</CellType>
    <CellType>Sand</CellType>
    <CellType>Sand</CellType>
    <CellType>Sand</CellType>
    <CellType>Sand</CellType>
    <CellType>Sand</CellType>
    <CellType>Sand</CellType>
    <CellType>Sand</CellType>
    <CellType>Sand</CellType>
    <CellType>Grass</CellType>
    <CellType>Grass</CellType>
    <CellType>Grass</CellType>
    <CellType>Grass</CellType>
    <CellType>Grass</CellType>
    <CellType>Grass</CellType>
    <CellType>Water</CellType>
    <CellType>Water</CellType>
    <CellType>Water</CellType>
    <CellType>Water</CellType>
    <CellType>Grass</CellType>
    <CellType>Grass</CellType>
    <CellType>Grass</CellType>
    <CellType>Grass</CellType>
    <CellType>Grass</CellType>
    <CellType>Grass</CellType>
    <CellType>Grass</CellType>
    <CellType>Grass</CellType>
    <CellType>Grass</CellType>
    <CellType>Grass</CellType>
    <CellType>Grass</CellType>
    <CellType>Grass</CellType>
    <CellType>Grass</CellType>
    <CellType>Grass</CellType>
    <CellType>Grass</CellType>
    <CellType>Grass</CellType>
    <CellType>Grass</CellType>
    <CellType>Sand</CellType>
    <CellType>Sand</CellType>
    <CellType>Sand</CellType>
    <CellType>Sand</CellType>
    <CellType>Sand</CellType>
    <CellType>Sand</CellType>
    <CellType>Sand</CellType>
    <CellType>Sand</CellType>
    <CellType>Sand</CellType>
    <CellType>Sand</CellType>
    <CellType>Sand</CellType>
    <CellType>Sand</CellType>
    <CellType>Sand</CellType>
    <CellType>Sand</CellType>
    <CellType>Grass</CellType>
    <CellType>Grass</CellType>
    <CellType>Grass</CellType>
    <CellType>Grass</CellType>
    <CellType>Grass</CellType>
    <CellType>Water</CellType>
    <CellType>Water</CellType>
    <CellType>Water</CellType>
    <CellType>Grass</CellType>
    <CellType>Grass</CellType>
    <CellType>Grass</CellType>
    <CellType>Grass</CellType>
    <CellType>Grass</CellType>
    <CellType>Grass</CellType>
    <CellType>Grass</CellType>
    <CellType>Grass</CellType>
    <CellType>Grass</CellType>
    <CellType>Grass</CellType>
    <CellType>Grass</CellType>
    <CellType>Grass</CellType>
    <CellType>Grass</CellType>
    <CellType>Grass</CellType>
    <CellType>Grass</CellType>
    <CellType>Grass</CellType>
    <CellType>Sand</CellType>
    <CellType>Sand</CellType>
    <CellType>Sand</CellType>
    <CellType>Sand</CellType>
    <CellType>Sand</CellType>
    <CellType>Sand</CellType>
    <CellType>Sand</CellType>
    <CellType>Sand</CellType>
    <CellType>Sand</CellType>
    <CellType>Sand</CellType>
    <CellType>Sand</CellType>
    <CellType>Sand</CellType>
    <CellType>Sand</CellType>
    <CellType>Sand</CellType>
    <CellType>Sand</CellType>
    <CellType>Sand</CellType>
    <CellType>Sand</CellType>
    <CellType>Grass</CellType>
    <CellType>Grass</CellType>
    <CellType>Grass</CellType>
    <CellType>Grass</CellType>
    <CellType>Water</CellType>
    <CellType>Water</CellType>
    <CellType>Grass</CellType>
    <CellType>Grass</CellType>
    <CellType>Grass</CellType>
    <CellType>Grass</CellType>
    <CellType>Grass</CellType>
    <CellType>Grass</CellType>
    <CellType>Grass</CellType>
    <CellType>Grass</CellType>
    <CellType>Grass</CellType>
    <CellType>Grass</CellType>
    <CellType>Grass</CellType>
    <CellType>Grass</CellType>
    <CellType>Grass</CellType>
    <CellType>Grass</CellType>
    <CellType>Grass</CellType>
    <CellType>Grass</CellType>
    <CellType>Sand</CellType>
    <CellType>Sand</CellType>
    <CellType>Sand</CellType>
    <CellType>Sand</CellType>
    <CellType>Sand</CellType>
    <CellType>Sand</CellType>
    <CellType>Sand</CellType>
    <CellType>Sand</CellType>
    <CellType>Sand</CellType>
    <CellType>Sand</CellType>
    <CellType>Sand</CellType>
    <CellType>Sand</CellType>
    <CellType>Sand</CellType>
    <CellType>Sand</CellType>
    <CellType>Sand</CellType>
    <CellType>Sand</CellType>
    <CellType>Sand</CellType>
    <CellType>Sand</CellType>
    <CellType>Grass</CellType>
    <CellType>Grass</CellType>
    <CellType>Grass</CellType>
    <CellType>Grass</CellType>
    <CellType>Water</CellType>
    <CellType>Grass</CellType>
    <CellType>Grass</CellType>
    <CellType>Grass</CellType>
    <CellType>Grass</CellType>
    <CellType>Grass</CellType>
    <CellType>Grass</CellType>
    <CellType>Grass</CellType>
    <CellType>Grass</CellType>
    <CellType>Grass</CellType>
    <CellType>Grass</CellType>
    <CellType>Grass</CellType>
    <CellType>Grass</CellType>
    <CellType>Grass</CellType>
    <CellType>Grass</CellType>
    <CellType>Grass</CellType>
    <CellType>Grass</CellType>
    <CellType>Sand</CellType>
    <CellType>Sand</CellType>
    <CellType>Sand</CellType>
    <CellType>Sand</CellType>
    <CellType>Sand</CellType>
    <CellType>Sand</CellType>
    <CellType>Sand</CellType>
    <CellType>Sand</CellType>
    <CellType>Sand</CellType>
    <CellType>Sand</CellType>
    <CellType>Sand</CellType>
    <CellType>Sand</CellType>
    <CellType>Sand</CellType>
    <CellType>Sand</CellType>
    <CellType>Sand</CellType>
    <CellType>Sand</CellType>
    <CellType>Sand</CellType>
    <CellType>Sand</CellType>
    <CellType>Sand</CellType>
    <CellType>Grass</CellType>
    <CellType>Grass</CellType>
    <CellType>Grass</CellType>
    <CellType>Grass</CellType>
    <CellType>Water</CellType>
    <CellType>Grass</CellType>
    <CellType>Grass</CellType>
    <CellType>Grass</CellType>
    <CellType>Grass</CellType>
    <CellType>Grass</CellType>
    <CellType>Grass</CellType>
    <CellType>Grass</CellType>
    <CellType>Grass</CellType>
    <CellType>Grass</CellType>
    <CellType>Grass</CellType>
    <CellType>Grass</CellType>
    <CellType>Grass</CellType>
    <CellType>Grass</CellType>
    <CellType>Grass</CellType>
    <CellType>Grass</CellType>
    <CellType>Sand</CellType>
    <CellType>Sand</CellType>
    <CellType>Sand</CellType>
    <CellType>Sand</CellType>
    <CellType>Sand</CellType>
    <CellType>Sand</CellType>
    <CellType>Sand</CellType>
    <CellType>Sand</CellType>
    <CellType>Sand</CellType>
    <CellType>Sand</CellType>
    <CellType>Sand</CellType>
    <CellType>Sand</CellType>
    <CellType>Sand</CellType>
    <CellType>Sand</CellType>
    <CellType>Sand</CellType>
    <CellType>Sand</CellType>
    <CellType>Sand</CellType>
    <CellType>Sand</CellType>
    <CellType>Sand</CellType>
    <CellType>Sand</CellType>
    <CellType>Grass</CellType>
    <CellType>Grass</CellType>
    <CellType>Grass</CellType>
    <CellType>Grass</CellType>
    <CellType>Grass</CellType>
    <CellType>Grass</CellType>
    <CellType>Grass</CellType>
    <CellType>Grass</CellType>
    <CellType>Grass</CellType>
    <CellType>Grass</CellType>
    <CellType>Grass</CellType>
    <CellType>Grass</CellType>
    <CellType>Grass</CellType>
    <CellType>Grass</CellType>
    <CellType>Grass</CellType>
    <CellType>Grass</CellType>
    <CellType>Grass</CellType>
    <CellType>Grass</CellType>
    <CellType>Grass</CellType>
    <CellType>Sand</CellType>
    <CellType>Sand</CellType>
    <CellType>Sand</CellType>
    <CellType>Sand</CellType>
    <CellType>Sand</CellType>
    <CellType>Sand</CellType>
    <CellType>Sand</CellType>
    <CellType>Sand</CellType>
    <CellType>Sand</CellType>
    <CellType>Sand</CellType>
    <CellType>Sand</CellType>
    <CellType>Sand</CellType>
    <CellType>Sand</CellType>
    <CellType>Sand</CellType>
    <CellType>Sand</CellType>
    <CellType>Sand</CellType>
    <CellType>Sand</CellType>
    <CellType>Sand</CellType>
    <CellType>Sand</CellType>
    <CellType>Sand</CellType>
    <CellType>Sand</CellType>
    <CellType>Grass</CellType>
    <CellType>Grass</CellType>
    <CellType>Grass</CellType>
    <CellType>Grass</CellType>
    <CellType>Grass</CellType>
    <CellType>Grass</CellType>
    <CellType>Grass</CellType>
    <CellType>Grass</CellType>
    <CellType>Grass</CellType>
    <CellType>Grass</CellType>
    <CellType>Grass</CellType>
    <CellType>Grass</CellType>
    <CellType>Grass</CellType>
    <CellType>Grass</CellType>
    <CellType>Grass</CellType>
    <CellType>Grass</CellType>
    <CellType>Grass</CellType>
    <CellType>Grass</CellType>
    <CellType>Grass</CellType>
    <CellType>Sand</CellType>
    <CellType>Sand</CellType>
    <CellType>Sand</CellType>
    <CellType>Sand</CellType>
    <CellType>Sand</CellType>
    <CellType>Sand</CellType>
    <CellType>Sand</CellType>
    <CellType>Sand</CellType>
    <CellType>Sand</CellType>
    <CellType>Sand</CellType>
    <CellType>Sand</CellType>
    <CellType>Sand</CellType>
    <CellType>Sand</CellType>
    <CellType>Sand</CellType>
    <CellType>Sand</CellType>
    <CellType>Sand</CellType>
    <CellType>Sand</CellType>
    <CellType>Sand</CellType>
    <CellType>Sand</CellType>
    <CellType>Sand</CellType>
    <CellType>Sand</CellType>
    <CellType>Sand</CellType>
    <CellType>Grass</CellType>
    <CellType>Grass</CellType>
    <CellType>Grass</CellType>
    <CellType>Grass</CellType>
    <CellType>Grass</CellType>
    <CellType>Grass</CellType>
    <CellType>Grass</CellType>
    <CellType>Grass</CellType>
    <CellType>Grass</CellType>
    <CellType>Grass</CellType>
    <CellType>Grass</CellType>
    <CellType>Grass</CellType>
    <CellType>Grass</CellType>
    <CellType>Grass</CellType>
    <CellType>Grass</CellType>
    <CellType>Grass</CellType>
    <CellType>Grass</CellType>
    <CellType>Grass</CellType>
    <CellType>Sand</CellType>
    <CellType>Sand</CellType>
    <CellType>Sand</CellType>
    <CellType>Sand</CellType>
    <CellType>Sand</CellType>
    <CellType>Sand</CellType>
    <CellType>Sand</CellType>
    <CellType>Sand</CellType>
    <CellType>Sand</CellType>
    <CellType>Sand</CellType>
    <CellType>Sand</CellType>
    <CellType>Sand</CellType>
    <CellType>Sand</CellType>
    <CellType>Sand</CellType>
    <CellType>Sand</CellType>
    <CellType>Sand</CellType>
    <CellType>Sand</CellType>
    <CellType>Sand</CellType>
    <CellType>Sand</CellType>
    <CellType>Sand</CellType>
    <CellType>Sand</CellType>
    <CellType>Grass</CellType>
    <CellType>Grass</CellType>
    <CellType>Grass</CellType>
    <CellType>Grass</CellType>
    <CellType>Grass</CellType>
    <CellType>Grass</CellType>
    <CellType>Grass</CellType>
    <CellType>Grass</CellType>
    <CellType>Grass</CellType>
    <CellType>Grass</CellType>
    <CellType>Grass</CellType>
    <CellType>Grass</CellType>
    <CellType>Grass</CellType>
    <CellType>Grass</CellType>
    <CellType>Grass</CellType>
    <CellType>Grass</CellType>
    <CellType>Grass</CellType>
    <CellType>Grass</CellType>
    <CellType>Grass</CellType>
    <CellType>Sand</CellType>
    <CellType>Sand</CellType>
    <CellType>Sand</CellType>
    <CellType>Sand</CellType>
    <CellType>Sand</CellType>
    <CellType>Sand</CellType>
    <CellType>Sand</CellType>
    <CellType>Sand</CellType>
    <CellType>Sand</CellType>
    <CellType>Sand</CellType>
    <CellType>Sand</CellType>
    <CellType>Sand</CellType>
    <CellType>Sand</CellType>
    <CellType>Sand</CellType>
    <CellType>Sand</CellType>
    <CellType>Sand</CellType>
    <CellType>Sand</CellType>
    <CellType>Sand</CellType>
    <CellType>Sand</CellType>
    <CellType>Sand</CellType>
    <CellType>Sand</CellType>
    <CellType>Grass</CellType>
    <CellType>Grass</CellType>
    <CellType>Grass</CellType>
    <CellType>Grass</CellType>
    <CellType>Grass</CellType>
    <CellType>Grass</CellType>
    <CellType>Grass</CellType>
    <CellType>Grass</CellType>
    <CellType>Grass</CellType>
    <CellType>Grass</CellType>
    <CellType>Grass</CellType>
    <CellType>Grass</CellType>
    <CellType>Grass</CellType>
    <CellType>Grass</CellType>
    <CellType>Grass</CellType>
    <CellType>Grass</CellType>
    <CellType>Grass</CellType>
    <CellType>Grass</CellType>
    <CellType>Grass</CellType>
    <CellType>Sand</CellType>
    <CellType>Sand</CellType>
    <CellType>Sand</CellType>
    <CellType>Sand</CellType>
    <CellType>Sand</CellType>
    <CellType>Sand</CellType>
    <CellType>Sand</CellType>
    <CellType>Sand</CellType>
    <CellType>Sand</CellType>
    <CellType>Sand</CellType>
    <CellType>Sand</CellType>
    <CellType>Sand</CellType>
    <CellType>Sand</CellType>
    <CellType>Sand</CellType>
    <CellType>Sand</CellType>
    <CellType>Sand</CellType>
    <CellType>Sand</CellType>
    <CellType>Sand</CellType>
    <CellType>Sand</CellType>
    <CellType>Sand</CellType>
    <CellType>Sand</CellType>
    <CellType>Grass</CellType>
    <CellType>Grass</CellType>
    <CellType>Grass</CellType>
    <CellType>Grass</CellType>
    <CellType>Grass</CellType>
    <CellType>Grass</CellType>
    <CellType>Grass</CellType>
    <CellType>Grass</CellType>
    <CellType>Grass</CellType>
    <CellType>Grass</CellType>
    <CellType>Grass</CellType>
    <CellType>Grass</CellType>
    <CellType>Grass</CellType>
    <CellType>Grass</CellType>
    <CellType>Grass</CellType>
    <CellType>Grass</CellType>
    <CellType>Grass</CellType>
    <CellType>Grass</CellType>
    <CellType>Grass</CellType>
    <CellType>Sand</CellType>
    <CellType>Sand</CellType>
    <CellType>Sand</CellType>
    <CellType>Sand</CellType>
    <CellType>Sand</CellType>
    <CellType>Sand</CellType>
    <CellType>Sand</CellType>
    <CellType>Sand</CellType>
    <CellType>Sand</CellType>
    <CellType>Sand</CellType>
    <CellType>Sand</CellType>
    <CellType>Sand</CellType>
    <CellType>Sand</CellType>
    <CellType>Sand</CellType>
    <CellType>Sand</CellType>
    <CellType>Sand</CellType>
    <CellType>Sand</CellType>
    <CellType>Sand</CellType>
    <CellType>Sand</CellType>
    <CellType>Sand</CellType>
    <CellType>Grass</CellType>
    <CellType>Grass</CellType>
    <CellType>Grass</CellType>
    <CellType>Grass</CellType>
    <CellType>Grass</CellType>
    <CellType>Grass</CellType>
    <CellType>Grass</CellType>
    <CellType>Grass</CellType>
    <CellType>Grass</CellType>
    <CellType>Grass</CellType>
    <CellType>Grass</CellType>
    <CellType>Grass</CellType>
    <CellType>Grass</CellType>
    <CellType>Grass</CellType>
    <CellType>Grass</CellType>
    <CellType>Grass</CellType>
    <CellType>Grass</CellType>
    <CellType>Grass</CellType>
    <CellType>Grass</CellType>
    <CellType>Grass</CellType>
    <CellType>Sand</CellType>
    <CellType>Sand</CellType>
    <CellType>Sand</CellType>
    <CellType>Sand</CellType>
    <CellType>Sand</CellType>
    <CellType>Sand</CellType>
    <CellType>Sand</CellType>
    <CellType>Sand</CellType>
    <CellType>Sand</CellType>
    <CellType>Sand</CellType>
    <CellType>Sand</CellType>
    <CellType>Sand</CellType>
    <CellType>Sand</CellType>
    <CellType>Sand</CellType>
    <CellType>Sand</CellType>
    <CellType>Sand</CellType>
    <CellType>Sand</CellType>
    <CellType>Sand</CellType>
    <CellType>Sand</CellType>
    <CellType>Grass</CellType>
    <CellType>Grass</CellType>
    <CellType>Grass</CellType>
    <CellType>Grass</CellType>
    <CellType>Grass</CellType>
    <CellType>Grass</CellType>
    <CellType>Grass</CellType>
    <CellType>Grass</CellType>
    <CellType>Grass</CellType>
    <CellType>Grass</CellType>
    <CellType>Grass</CellType>
    <CellType>Grass</CellType>
    <CellType>Grass</CellType>
    <CellType>Grass</CellType>
    <CellType>Grass</CellType>
    <CellType>Grass</CellType>
    <CellType>Grass</CellType>
    <CellType>Grass</CellType>
    <CellType>Grass</CellType>
    <CellType>Grass</CellType>
    <CellType>Grass</CellType>
    <CellType>Sand</CellType>
    <CellType>Sand</CellType>
    <CellType>Sand</CellType>
    <CellType>Sand</CellType>
    <CellType>Sand</CellType>
    <CellType>Sand</CellType>
    <CellType>Sand</CellType>
    <CellType>Sand</CellType>
    <CellType>Sand</CellType>
    <CellType>Sand</CellType>
    <CellType>Sand</CellType>
    <CellType>Sand</CellType>
    <CellType>Sand</CellType>
    <CellType>Sand</CellType>
    <CellType>Sand</CellType>
    <CellType>Sand</CellType>
    <CellType>Sand</CellType>
    <CellType>Sand</CellType>
    <CellType>Sand</CellType>
    <CellType>Grass</CellType>
    <CellType>Grass</CellType>
    <CellType>Grass</CellType>
    <CellType>Grass</CellType>
    <CellType>Grass</CellType>
    <CellType>Grass</CellType>
    <CellType>Grass</CellType>
    <CellType>Grass</CellType>
    <CellType>Grass</CellType>
    <CellType>Grass</CellType>
    <CellType>Grass</CellType>
    <CellType>Grass</CellType>
    <CellType>Grass</CellType>
    <CellType>Grass</CellType>
    <CellType>Grass</CellType>
    <CellType>Grass</CellType>
    <CellType>Grass</CellType>
    <CellType>Grass</CellType>
    <CellType>Grass</CellType>
    <CellType>Grass</CellType>
    <CellType>Grass</CellType>
    <CellType>Grass</CellType>
    <CellType>Sand</CellType>
    <CellType>Sand</CellType>
    <CellType>Sand</CellType>
    <CellType>Sand</CellType>
    <CellType>Sand</CellType>
    <CellType>Sand</CellType>
    <CellType>Sand</CellType>
    <CellType>Sand</CellType>
    <CellType>Sand</CellType>
    <CellType>Sand</CellType>
    <CellType>Sand</CellType>
    <CellType>Sand</CellType>
    <CellType>Sand</CellType>
    <CellType>Sand</CellType>
    <CellType>Sand</CellType>
    <CellType>Sand</CellType>
    <CellType>Sand</CellType>
    <CellType>Grass</CellType>
    <CellType>Grass</CellType>
    <CellType>Grass</CellType>
    <CellType>Grass</CellType>
    <CellType>Grass</CellType>
    <CellType>Grass</CellType>
    <CellType>Grass</CellType>
    <CellType>Grass</CellType>
    <CellType>Grass</CellType>
    <CellType>Grass</CellType>
    <CellType>Grass</CellType>
    <CellType>Grass</CellType>
    <CellType>Grass</CellType>
    <CellType>Grass</CellType>
    <CellType>Grass</CellType>
    <CellType>Grass</CellType>
    <CellType>Grass</CellType>
    <CellType>Grass</CellType>
    <CellType>Grass</CellType>
    <CellType>Grass</CellType>
    <CellType>Grass</CellType>
    <CellType>Grass</CellType>
    <CellType>Grass</CellType>
    <CellType>Sand</CellType>
    <CellType>Sand</CellType>
    <CellType>Sand</CellType>
    <CellType>Sand</CellType>
    <CellType>Sand</CellType>
    <CellType>Sand</CellType>
    <CellType>Sand</CellType>
    <CellType>Sand</CellType>
    <CellType>Sand</CellType>
    <CellType>Sand</CellType>
    <CellType>Sand</CellType>
    <CellType>Sand</CellType>
    <CellType>Sand</CellType>
    <CellType>Sand</CellType>
    <CellType>Sand</CellType>
    <CellType>Sand</CellType>
    <CellType>Grass</CellType>
    <CellType>Grass</CellType>
    <CellType>Grass</CellType>
    <CellType>Grass</CellType>
    <CellType>Grass</CellType>
    <CellType>Grass</CellType>
    <CellType>Grass</CellType>
    <CellType>Grass</CellType>
    <CellType>Grass</CellType>
    <CellType>Grass</CellType>
    <CellType>Grass</CellType>
    <CellType>Grass</CellType>
    <CellType>Grass</CellType>
    <CellType>Grass</CellType>
    <CellType>Grass</CellType>
    <CellType>Grass</CellType>
    <CellType>Grass</CellType>
    <CellType>Grass</CellType>
    <CellType>Grass</CellType>
    <CellType>Grass</CellType>
    <CellType>Grass</CellType>
    <CellType>Grass</CellType>
    <CellType>Grass</CellType>
    <CellType>Grass</CellType>
    <CellType>Sand</CellType>
    <CellType>Sand</CellType>
    <CellType>Sand</CellType>
    <CellType>Sand</CellType>
    <CellType>Sand</CellType>
    <CellType>Sand</CellType>
    <CellType>Sand</CellType>
    <CellType>Sand</CellType>
    <CellType>Sand</CellType>
    <CellType>Sand</CellType>
    <CellType>Sand</CellType>
    <CellType>Sand</CellType>
    <CellType>Sand</CellType>
    <CellType>Sand</CellType>
    <CellType>Sand</CellType>
    <CellType>Grass</CellType>
    <CellType>Grass</CellType>
    <CellType>Grass</CellType>
    <CellType>Grass</CellType>
    <CellType>Grass</CellType>
    <CellType>Grass</CellType>
    <CellType>Grass</CellType>
    <CellType>Grass</CellType>
    <CellType>Grass</CellType>
    <CellType>Grass</CellType>
    <CellType>Grass</CellType>
    <CellType>Grass</CellType>
    <CellType>Grass</CellType>
    <CellType>Grass</CellType>
    <CellType>Grass</CellType>
    <CellType>Grass</CellType>
    <CellType>Grass</CellType>
    <CellType>Grass</CellType>
    <CellType>Grass</CellType>
    <CellType>Grass</CellType>
    <CellType>Grass</CellType>
    <CellType>Grass</CellType>
    <CellType>Grass</CellType>
    <CellType>Grass</CellType>
    <CellType>Grass</CellType>
    <CellType>Sand</CellType>
    <CellType>Sand</CellType>
    <CellType>Sand</CellType>
    <CellType>Sand</CellType>
    <CellType>Sand</CellType>
    <CellType>Sand</CellType>
    <CellType>Sand</CellType>
    <CellType>Sand</CellType>
    <CellType>Sand</CellType>
    <CellType>Sand</CellType>
    <CellType>Sand</CellType>
    <CellType>Sand</CellType>
    <CellType>Grass</CellType>
    <CellType>Grass</CellType>
    <CellType>Grass</CellType>
    <CellType>Grass</CellType>
    <CellType>Grass</CellType>
    <CellType>Grass</CellType>
    <CellType>Grass</CellType>
    <CellType>Grass</CellType>
    <CellType>Grass</CellType>
    <CellType>Grass</CellType>
    <CellType>Grass</CellType>
    <CellType>Grass</CellType>
    <CellType>Grass</CellType>
    <CellType>Grass</CellType>
    <CellType>Grass</CellType>
    <CellType>Grass</CellType>
    <CellType>Grass</CellType>
    <CellType>Grass</CellType>
    <CellType>Grass</CellType>
    <CellType>Grass</CellType>
    <CellType>Grass</CellType>
    <CellType>Grass</CellType>
    <CellType>Grass</CellType>
    <CellType>Grass</CellType>
    <CellType>Grass</CellType>
    <CellType>Grass</CellType>
    <CellType>Grass</CellType>
    <CellType>Grass</CellType>
    <CellType>Sand</CellType>
    <CellType>Sand</CellType>
    <CellType>Sand</CellType>
    <CellType>Sand</CellType>
    <CellType>Sand</CellType>
    <CellType>Sand</CellType>
    <CellType>Sand</CellType>
    <CellType>Sand</CellType>
    <CellType>Sand</CellType>
    <CellType>Sand</CellType>
    <CellType>Sand</CellType>
    <CellType>Grass</CellType>
    <CellType>Grass</CellType>
    <CellType>Grass</CellType>
    <CellType>Grass</CellType>
    <CellType>Grass</CellType>
    <CellType>Grass</CellType>
    <CellType>Grass</CellType>
    <CellType>Grass</CellType>
    <CellType>Grass</CellType>
    <CellType>Grass</CellType>
    <CellType>Grass</CellType>
    <CellType>Grass</CellType>
    <CellType>Grass</CellType>
    <CellType>Grass</CellType>
    <CellType>Grass</CellType>
    <CellType>Grass</CellType>
    <CellType>Grass</CellType>
    <CellType>Grass</CellType>
    <CellType>Grass</CellType>
    <CellType>Grass</CellType>
    <CellType>Grass</CellType>
    <CellType>Grass</CellType>
    <CellType>Grass</CellType>
    <CellType>Grass</CellType>
    <CellType>Grass</CellType>
    <CellType>Grass</CellType>
    <CellType>Grass</CellType>
    <CellType>Grass</CellType>
    <CellType>Grass</CellType>
    <CellType>Sand</CellType>
    <CellType>Grass</CellType>
    <CellType>Grass</CellType>
    <CellType>Sand</CellType>
    <CellType>Sand</CellType>
    <CellType>Sand</CellType>
    <CellType>Sand</CellType>
    <CellType>Sand</CellType>
    <CellType>Sand</CellType>
    <CellType>Sand</CellType>
    <CellType>Grass</CellType>
    <CellType>Grass</CellType>
    <CellType>Grass</CellType>
    <CellType>Grass</CellType>
    <CellType>Grass</CellType>
    <CellType>Grass</CellType>
    <CellType>Grass</CellType>
    <CellType>Grass</CellType>
    <CellType>Grass</CellType>
    <CellType>Grass</CellType>
    <CellType>Grass</CellType>
    <CellType>Grass</CellType>
    <CellType>Grass</CellType>
    <CellType>Grass</CellType>
    <CellType>Grass</CellType>
    <CellType>Grass</CellType>
    <CellType>Grass</CellType>
    <CellType>Grass</CellType>
    <CellType>Grass</CellType>
    <CellType>Grass</CellType>
    <CellType>Grass</CellType>
    <CellType>Grass</CellType>
    <CellType>Grass</CellType>
    <CellType>Grass</CellType>
    <CellType>Grass</CellType>
    <CellType>Grass</CellType>
    <CellType>Grass</CellType>
    <CellType>Grass</CellType>
    <CellType>Grass</CellType>
    <CellType>Grass</CellType>
    <CellType>Grass</CellType>
    <CellType>Grass</CellType>
    <CellType>Grass</CellType>
    <CellType>Grass</CellType>
    <CellType>Sand</CellType>
    <CellType>Sand</CellType>
    <CellType>Sand</CellType>
    <CellType>Sand</CellType>
    <CellType>Sand</CellType>
    <CellType>Grass</CellType>
    <CellType>Grass</CellType>
    <CellType>Grass</CellType>
    <CellType>Grass</CellType>
    <CellType>Grass</CellType>
    <CellType>Grass</CellType>
    <CellType>Grass</CellType>
    <CellType>Grass</CellType>
    <CellType>Grass</CellType>
    <CellType>Grass</CellType>
    <CellType>Grass</CellType>
    <CellType>Grass</CellType>
    <CellType>Grass</CellType>
    <CellType>Grass</CellType>
    <CellType>Grass</CellType>
    <CellType>Grass</CellType>
    <CellType>Grass</CellType>
    <CellType>Grass</CellType>
    <CellType>Grass</CellType>
    <CellType>Grass</CellType>
    <CellType>Grass</CellType>
    <CellType>Grass</CellType>
    <CellType>Grass</CellType>
    <CellType>Grass</CellType>
    <CellType>Grass</CellType>
    <CellType>Grass</CellType>
    <CellType>Grass</CellType>
    <CellType>Grass</CellType>
    <CellType>Grass</CellType>
    <CellType>Grass</CellType>
    <CellType>Grass</CellType>
    <CellType>Grass</CellType>
    <CellType>Grass</CellType>
    <CellType>Grass</CellType>
    <CellType>Grass</CellType>
    <CellType>Grass</CellType>
    <CellType>Grass</CellType>
    <CellType>Grass</CellType>
    <CellType>Grass</CellType>
    <CellType>Grass</CellType>
    <CellType>Grass</CellType>
    <CellType>Grass</CellType>
    <CellType>Grass</CellType>
    <CellType>Grass</CellType>
    <CellType>Grass</CellType>
    <CellType>Grass</CellType>
    <CellType>Grass</CellType>
    <CellType>Grass</CellType>
    <CellType>Grass</CellType>
    <CellType>Grass</CellType>
    <CellType>Grass</CellType>
    <CellType>Grass</CellType>
    <CellType>Grass</CellType>
    <CellType>Grass</CellType>
    <CellType>Grass</CellType>
    <CellType>Grass</CellType>
    <CellType>Grass</CellType>
    <CellType>Grass</CellType>
    <CellType>Grass</CellType>
    <CellType>Grass</CellType>
    <CellType>Grass</CellType>
    <CellType>Grass</CellType>
    <CellType>Grass</CellType>
    <CellType>Grass</CellType>
    <CellType>Grass</CellType>
    <CellType>Grass</CellType>
    <CellType>Grass</CellType>
    <CellType>Grass</CellType>
    <CellType>Grass</CellType>
    <CellType>Grass</CellType>
    <CellType>Grass</CellType>
    <CellType>Grass</CellType>
    <CellType>Grass</CellType>
    <CellType>Grass</CellType>
    <CellType>Grass</CellType>
    <CellType>Grass</CellType>
    <CellType>Grass</CellType>
    <CellType>Grass</CellType>
    <CellType>Grass</CellType>
    <CellType>Grass</CellType>
    <CellType>Grass</CellType>
    <CellType>Grass</CellType>
    <CellType>Grass</CellType>
    <CellType>Grass</CellType>
    <CellType>Grass</CellType>
    <CellType>Grass</CellType>
    <CellType>Grass</CellType>
    <CellType>Grass</CellType>
    <CellType>Grass</CellType>
    <CellType>Grass</CellType>
    <CellType>Grass</CellType>
    <CellType>Grass</CellType>
    <CellType>Grass</CellType>
    <CellType>Grass</CellType>
    <CellType>Grass</CellType>
    <CellType>Grass</CellType>
    <CellType>Grass</CellType>
    <CellType>Grass</CellType>
    <CellType>Grass</CellType>
    <CellType>Grass</CellType>
    <CellType>Grass</CellType>
    <CellType>Grass</CellType>
    <CellType>Grass</CellType>
    <CellType>Grass</CellType>
    <CellType>Grass</CellType>
    <CellType>Grass</CellType>
    <CellType>Grass</CellType>
    <CellType>Grass</CellType>
    <CellType>Grass</CellType>
    <CellType>Grass</CellType>
    <CellType>Grass</CellType>
    <CellType>Grass</CellType>
    <CellType>Grass</CellType>
    <CellType>Grass</CellType>
    <CellType>Grass</CellType>
    <CellType>Grass</CellType>
    <CellType>Grass</CellType>
    <CellType>Grass</CellType>
    <CellType>Grass</CellType>
    <CellType>Grass</CellType>
    <CellType>Grass</CellType>
    <CellType>Grass</CellType>
    <CellType>Grass</CellType>
    <CellType>Grass</CellType>
    <CellType>Grass</CellType>
    <CellType>Grass</CellType>
    <CellType>Grass</CellType>
    <CellType>Grass</CellType>
    <CellType>Grass</CellType>
    <CellType>Grass</CellType>
    <CellType>Grass</CellType>
    <CellType>Grass</CellType>
    <CellType>Grass</CellType>
    <CellType>Grass</CellType>
    <CellType>Grass</CellType>
    <CellType>Grass</CellType>
    <CellType>Grass</CellType>
    <CellType>Grass</CellType>
    <CellType>Grass</CellType>
    <CellType>Grass</CellType>
    <CellType>Grass</CellType>
    <CellType>Grass</CellType>
    <CellType>Grass</CellType>
    <CellType>Grass</CellType>
    <CellType>Grass</CellType>
    <CellType>Grass</CellType>
    <CellType>Grass</CellType>
    <CellType>Grass</CellType>
    <CellType>Grass</CellType>
    <CellType>Grass</CellType>
    <CellType>Grass</CellType>
    <CellType>Grass</CellType>
    <CellType>Grass</CellType>
    <CellType>Grass</CellType>
    <CellType>Grass</CellType>
    <CellType>Grass</CellType>
    <CellType>Grass</CellType>
    <CellType>Grass</CellType>
    <CellType>Grass</CellType>
    <CellType>Grass</CellType>
    <CellType>Grass</CellType>
    <CellType>Grass</CellType>
    <CellType>Grass</CellType>
    <CellType>Grass</CellType>
    <CellType>Grass</CellType>
    <CellType>Grass</CellType>
    <CellType>Grass</CellType>
    <CellType>Grass</CellType>
    <CellType>Grass</CellType>
    <CellType>Grass</CellType>
    <CellType>Grass</CellType>
    <CellType>Grass</CellType>
    <CellType>Grass</CellType>
    <CellType>Grass</CellType>
    <CellType>Grass</CellType>
    <CellType>Grass</CellType>
    <CellType>Grass</CellType>
    <CellType>Grass</CellType>
    <CellType>Grass</CellType>
    <CellType>Grass</CellType>
    <CellType>Grass</CellType>
    <CellType>Grass</CellType>
    <CellType>Grass</CellType>
    <CellType>Grass</CellType>
    <CellType>Grass</CellType>
    <CellType>Grass</CellType>
    <CellType>Grass</CellType>
    <CellType>Grass</CellType>
    <CellType>Grass</CellType>
    <CellType>Grass</CellType>
    <CellType>Grass</CellType>
    <CellType>Grass</CellType>
    <CellType>Grass</CellType>
    <CellType>Grass</CellType>
    <CellType>Grass</CellType>
    <CellType>Grass</CellType>
    <CellType>Grass</CellType>
    <CellType>Grass</CellType>
    <CellType>Grass</CellType>
    <CellType>Grass</CellType>
    <CellType>Grass</CellType>
    <CellType>Grass</CellType>
    <CellType>Grass</CellType>
    <CellType>Grass</CellType>
    <CellType>Grass</CellType>
    <CellType>Grass</CellType>
    <CellType>Grass</CellType>
    <CellType>Grass</CellType>
    <CellType>Grass</CellType>
    <CellType>Grass</CellType>
    <CellType>Grass</CellType>
    <CellType>Grass</CellType>
    <CellType>Grass</CellType>
    <CellType>Water</CellType>
    <CellType>Water</CellType>
    <CellType>Grass</CellType>
    <CellType>Grass</CellType>
    <CellType>Grass</CellType>
    <CellType>Grass</CellType>
    <CellType>Grass</CellType>
    <CellType>Grass</CellType>
    <CellType>Grass</CellType>
    <CellType>Grass</CellType>
    <CellType>Grass</CellType>
    <CellType>Grass</CellType>
    <CellType>Grass</CellType>
    <CellType>Grass</CellType>
    <CellType>Grass</CellType>
    <CellType>Grass</CellType>
    <CellType>Grass</CellType>
    <CellType>Grass</CellType>
    <CellType>Grass</CellType>
    <CellType>Grass</CellType>
    <CellType>Grass</CellType>
    <CellType>Grass</CellType>
    <CellType>Grass</CellType>
    <CellType>Grass</CellType>
    <CellType>Grass</CellType>
    <CellType>Grass</CellType>
    <CellType>Grass</CellType>
    <CellType>Grass</CellType>
    <CellType>Grass</CellType>
    <CellType>Grass</CellType>
    <CellType>Grass</CellType>
    <CellType>Grass</CellType>
    <CellType>Grass</CellType>
    <CellType>Grass</CellType>
    <CellType>Grass</CellType>
    <CellType>Grass</CellType>
    <CellType>Water</CellType>
    <CellType>Water</CellType>
    <CellType>Water</CellType>
    <CellType>Water</CellType>
    <CellType>Water</CellType>
    <CellType>Water</CellType>
    <CellType>Grass</CellType>
    <CellType>Grass</CellType>
    <CellType>Grass</CellType>
    <CellType>Grass</CellType>
    <CellType>Grass</CellType>
    <CellType>Grass</CellType>
    <CellType>Grass</CellType>
    <CellType>Grass</CellType>
    <CellType>Grass</CellType>
    <CellType>Grass</CellType>
    <CellType>Grass</CellType>
    <CellType>Grass</CellType>
    <CellType>Grass</CellType>
    <CellType>Grass</CellType>
    <CellType>Grass</CellType>
    <CellType>Grass</CellType>
    <CellType>Grass</CellType>
    <CellType>Grass</CellType>
    <CellType>Grass</CellType>
    <CellType>Grass</CellType>
    <CellType>Grass</CellType>
    <CellType>Grass</CellType>
    <CellType>Grass</CellType>
    <CellType>Grass</CellType>
    <CellType>Grass</CellType>
    <CellType>Grass</CellType>
    <CellType>Grass</CellType>
    <CellType>Grass</CellType>
    <CellType>Grass</CellType>
    <CellType>Grass</CellType>
    <CellType>Grass</CellType>
    <CellType>Grass</CellType>
    <CellType>Water</CellType>
    <CellType>Water</CellType>
    <CellType>Water</CellType>
    <CellType>Water</CellType>
    <CellType>Water</CellType>
    <CellType>Water</CellType>
    <CellType>Water</CellType>
    <CellType>Water</CellType>
    <CellType>Grass</CellType>
    <CellType>Grass</CellType>
    <CellType>Grass</CellType>
    <CellType>Grass</CellType>
    <CellType>Grass</CellType>
    <CellType>Grass</CellType>
    <CellType>Grass</CellType>
    <CellType>Grass</CellType>
    <CellType>Grass</CellType>
    <CellType>Grass</CellType>
    <CellType>Grass</CellType>
    <CellType>Grass</CellType>
    <CellType>Grass</CellType>
    <CellType>Grass</CellType>
    <CellType>Grass</CellType>
    <CellType>Grass</CellType>
    <CellType>Grass</CellType>
    <CellType>Grass</CellType>
    <CellType>Grass</CellType>
    <CellType>Grass</CellType>
    <CellType>Grass</CellType>
    <CellType>Grass</CellType>
    <CellType>Grass</CellType>
    <CellType>Grass</CellType>
    <CellType>Grass</CellType>
    <CellType>Grass</CellType>
    <CellType>Grass</CellType>
    <CellType>Grass</CellType>
    <CellType>Grass</CellType>
    <CellType>Grass</CellType>
    <CellType>Water</CellType>
    <CellType>Water</CellType>
    <CellType>Water</CellType>
    <CellType>Water</CellType>
    <CellType>Water</CellType>
    <CellType>Water</CellType>
    <CellType>Water</CellType>
    <CellType>Water</CellType>
    <CellType>Water</CellType>
    <CellType>Water</CellType>
    <CellType>Grass</CellType>
    <CellType>Grass</CellType>
    <CellType>Grass</CellType>
    <CellType>Grass</CellType>
    <CellType>Grass</CellType>
    <CellType>Grass</CellType>
    <CellType>Grass</CellType>
    <CellType>Grass</CellType>
    <CellType>Grass</CellType>
    <CellType>Grass</CellType>
    <CellType>Grass</CellType>
    <CellType>Grass</CellType>
    <CellType>Grass</CellType>
    <CellType>Grass</CellType>
    <CellType>Grass</CellType>
    <CellType>Grass</CellType>
    <CellType>Grass</CellType>
    <CellType>Grass</CellType>
    <CellType>Grass</CellType>
    <CellType>Grass</CellType>
    <CellType>Grass</CellType>
    <CellType>Grass</CellType>
    <CellType>Grass</CellType>
    <CellType>Grass</CellType>
    <CellType>Grass</CellType>
    <CellType>Grass</CellType>
    <CellType>Grass</CellType>
    <CellType>Grass</CellType>
    <CellType>Water</CellType>
    <CellType>Water</CellType>
    <CellType>Water</CellType>
    <CellType>Water</CellType>
    <CellType>Water</CellType>
    <CellType>Water</CellType>
    <CellType>Water</CellType>
    <CellType>Water</CellType>
    <CellType>Water</CellType>
    <CellType>Water</CellType>
    <CellType>Water</CellType>
    <CellType>Water</CellType>
    <CellType>Grass</CellType>
    <CellType>Grass</CellType>
    <CellType>Grass</CellType>
    <CellType>Grass</CellType>
    <CellType>Grass</CellType>
    <CellType>Grass</CellType>
    <CellType>Grass</CellType>
    <CellType>Grass</CellType>
    <CellType>Grass</CellType>
    <CellType>Grass</CellType>
    <CellType>Grass</CellType>
    <CellType>Grass</CellType>
    <CellType>Grass</CellType>
    <CellType>Grass</CellType>
    <CellType>Grass</CellType>
    <CellType>Grass</CellType>
    <CellType>Grass</CellType>
    <CellType>Grass</CellType>
    <CellType>Grass</CellType>
    <CellType>Grass</CellType>
    <CellType>Grass</CellType>
    <CellType>Grass</CellType>
    <CellType>Grass</CellType>
    <CellType>Grass</CellType>
    <CellType>Grass</CellType>
    <CellType>Grass</CellType>
    <CellType>Water</CellType>
    <CellType>Water</CellType>
    <CellType>Water</CellType>
    <CellType>Water</CellType>
    <CellType>Water</CellType>
    <CellType>Water</CellType>
    <CellType>Water</CellType>
    <CellType>Water</CellType>
    <CellType>Water</CellType>
    <CellType>Water</CellType>
    <CellType>Water</CellType>
    <CellType>Water</CellType>
    <CellType>Water</CellType>
    <CellType>Water</CellType>
    <CellType>Grass</CellType>
    <CellType>Grass</CellType>
    <CellType>Grass</CellType>
    <CellType>Grass</CellType>
    <CellType>Grass</CellType>
    <CellType>Grass</CellType>
    <CellType>Grass</CellType>
    <CellType>Grass</CellType>
    <CellType>Grass</CellType>
    <CellType>Grass</CellType>
    <CellType>Grass</CellType>
    <CellType>Grass</CellType>
    <CellType>Grass</CellType>
    <CellType>Grass</CellType>
    <CellType>Grass</CellType>
    <CellType>Grass</CellType>
    <CellType>Grass</CellType>
    <CellType>Grass</CellType>
    <CellType>Grass</CellType>
    <CellType>Grass</CellType>
    <CellType>Grass</CellType>
    <CellType>Grass</CellType>
    <CellType>Grass</CellType>
    <CellType>Grass</CellType>
    <CellType>Grass</CellType>
    <CellType>Water</CellType>
    <CellType>Water</CellType>
    <CellType>Water</CellType>
    <CellType>Water</CellType>
    <CellType>Water</CellType>
    <CellType>Water</CellType>
    <CellType>Water</CellType>
    <CellType>Water</CellType>
    <CellType>Water</CellType>
    <CellType>Water</CellType>
    <CellType>Water</CellType>
    <CellType>Water</CellType>
    <CellType>Water</CellType>
    <CellType>Water</CellType>
    <CellType>Water</CellType>
  </Cells>
</Map>